---
# Source: secrets-install/templates/namespace.yaml
apiVersion: v1
kind: Namespace
metadata:
  name: manuela-ci
  labels:
    manuela-role: pipeline
    app.kubernetes.io/instance: manuela
      #argocd.argoproj.io/managed-by: openshift-gitops
spec:
  finalizers:
  - kubernetes
---
# Source: secrets-install/templates/pipeline/serviceaccount.yaml
apiVersion: v1
kind: ServiceAccount
metadata:
# pipeline is configured in the openshift-pipelines namespace as the default serviceaccount for pipelineruns
# So let's use that as our primary serviceaccount
# To change this setting, edit the configmap config-defaults in ns openshift-pipelines
  name: pipeline
  namespace: manuela-ci
secrets:
- name: git-repo-credentials
- name: image-registry-credentials
---
# Source: secrets-install/templates/s3-secret.yaml
kind: Secret
apiVersion: v1
metadata:
  name: s3-secret
type: Opaque  
data:
  # Pre-create as part of the initial 'helm install' chart
  # Create a file with the following:
  #  s3.accessKey: KEY 
  #  s3.secretKey: secret key
  #application.properties: base64 encrypted value of the above file
  # This should live in the values-secret.yaml file
  application.properties: test-secret
---
# Source: secrets-install/templates/secret-git-repo-credentials.yaml
apiVersion: v1
kind: Secret
metadata:
  name: git-repo-credentials
  namespace: manuela-ci
  annotations:
    # Tekton magic, see https://tekton.dev/vault/pipelines-v0.15.2/auth/
    tekton.dev/git-0: https://github.com/PLAINTEXT
type: kubernetes.io/basic-auth
stringData:
# These elements will be base64-encoded by kubernetes once added, so enter them in plaintext
  username: test-user
  password:
---
# Source: secrets-install/templates/secret-image-registry-credentials.yaml
apiVersion: v1
kind: Secret
metadata:
  name: image-registry-credentials
  namespace: manuela-ci
  annotations:
    # Tekton magic, see https://tekton.dev/vault/pipelines-v0.15.2/auth/
    tekton.dev/docker-0: "https://quay.io"
type: kubernetes.io/basic-auth
# These elements will be base64-encoded by kubernetes once added, so enter them in plaintext
stringData:
  username: 
  password:
